{"count":35,"level":"info","message":"获取所有用户成功","moduleName":"UserService","pid":18144,"timestamp":"2026-01-14 12:16:29.979"}
{"cacheHit":false,"level":"info","message":"从数据库获取用户信息成功","moduleName":"UserService","pid":18144,"timestamp":"2026-01-14 12:16:30.044","userId":8}
{"cacheHit":false,"level":"info","message":"从数据库获取用户信息成功","moduleName":"UserService","pid":18144,"timestamp":"2026-01-14 12:16:30.047","userId":4}
{"cacheHit":false,"level":"info","message":"从数据库获取用户信息成功","moduleName":"UserService","pid":18144,"timestamp":"2026-01-14 12:16:30.048","userId":5}
{"cacheHit":false,"level":"info","message":"从数据库获取用户信息成功","moduleName":"UserService","pid":18144,"timestamp":"2026-01-14 12:16:30.052","userId":7}
{"cacheHit":false,"level":"info","message":"从数据库获取用户信息成功","moduleName":"UserService","pid":18144,"timestamp":"2026-01-14 12:16:30.054","userId":6}
{"cacheHit":false,"level":"info","message":"从数据库获取用户信息成功","moduleName":"UserService","pid":18144,"timestamp":"2026-01-14 12:16:30.055","userId":10}
{"cacheHit":false,"level":"info","message":"从数据库获取用户信息成功","moduleName":"UserService","pid":18144,"timestamp":"2026-01-14 12:16:30.057","userId":9}
{"cacheHit":false,"level":"info","message":"从数据库获取用户信息成功","moduleName":"UserService","pid":18144,"timestamp":"2026-01-14 12:16:30.071","userId":12}
{"cacheHit":false,"level":"info","message":"从数据库获取用户信息成功","moduleName":"UserService","pid":18144,"timestamp":"2026-01-14 12:16:30.081","userId":14}
{"cacheHit":false,"level":"info","message":"从数据库获取用户信息成功","moduleName":"UserService","pid":18144,"timestamp":"2026-01-14 12:16:30.090","userId":19}
{"cacheHit":false,"level":"info","message":"从数据库获取用户信息成功","moduleName":"UserService","pid":18144,"timestamp":"2026-01-14 12:16:30.092","userId":20}
{"cacheHit":false,"level":"info","message":"从数据库获取用户信息成功","moduleName":"UserService","pid":18144,"timestamp":"2026-01-14 12:16:30.095","userId":35}
{"cacheHit":false,"level":"info","message":"从数据库获取用户信息成功","moduleName":"UserService","pid":18144,"timestamp":"2026-01-14 12:16:30.098","userId":36}
{"cacheHit":false,"level":"info","message":"从数据库获取用户信息成功","moduleName":"UserService","pid":18144,"timestamp":"2026-01-14 12:16:30.104","userId":37}
{"cacheHit":false,"level":"info","message":"从数据库获取用户信息成功","moduleName":"UserService","pid":18144,"timestamp":"2026-01-14 12:16:30.106","userId":38}
{"cacheHit":false,"level":"info","message":"从数据库获取用户信息成功","moduleName":"UserService","pid":18144,"timestamp":"2026-01-14 12:16:30.125","userId":39}
{"cacheHit":false,"level":"info","message":"从数据库获取用户信息成功","moduleName":"UserService","pid":18144,"timestamp":"2026-01-14 12:16:30.134","userId":40}
{"cacheHit":false,"level":"info","message":"从数据库获取用户信息成功","moduleName":"UserService","pid":18144,"timestamp":"2026-01-14 12:16:30.136","userId":41}
{"cacheHit":false,"level":"info","message":"从数据库获取用户信息成功","moduleName":"UserService","pid":18144,"timestamp":"2026-01-14 12:16:30.138","userId":42}
{"cacheHit":false,"level":"info","message":"从数据库获取用户信息成功","moduleName":"UserService","pid":18144,"timestamp":"2026-01-14 12:16:30.144","userId":43}
{"cacheHit":false,"level":"info","message":"从数据库获取用户信息成功","moduleName":"UserService","pid":18144,"timestamp":"2026-01-14 12:16:30.154","userId":44}
{"cacheHit":false,"level":"info","message":"从数据库获取用户信息成功","moduleName":"UserService","pid":18144,"timestamp":"2026-01-14 12:16:30.156","userId":45}
{"cacheHit":false,"level":"info","message":"从数据库获取用户信息成功","moduleName":"UserService","pid":18144,"timestamp":"2026-01-14 12:16:30.164","userId":47}
{"cacheHit":false,"level":"info","message":"从数据库获取用户信息成功","moduleName":"UserService","pid":18144,"timestamp":"2026-01-14 12:16:30.167","userId":46}
{"cacheHit":false,"level":"info","message":"从数据库获取用户信息成功","moduleName":"UserService","pid":18144,"timestamp":"2026-01-14 12:16:30.177","userId":48}
{"cacheHit":false,"level":"info","message":"从数据库获取用户信息成功","moduleName":"UserService","pid":18144,"timestamp":"2026-01-14 12:16:30.179","userId":49}
{"cacheHit":false,"level":"info","message":"从数据库获取用户信息成功","moduleName":"UserService","pid":18144,"timestamp":"2026-01-14 12:16:30.182","userId":50}
{"cacheHit":false,"level":"info","message":"从数据库获取用户信息成功","moduleName":"UserService","pid":18144,"timestamp":"2026-01-14 12:16:30.187","userId":51}
{"cacheHit":false,"level":"info","message":"从数据库获取用户信息成功","moduleName":"UserService","pid":18144,"timestamp":"2026-01-14 12:16:30.201","userId":52}
{"cacheHit":false,"level":"info","message":"从数据库获取用户信息成功","moduleName":"UserService","pid":18144,"timestamp":"2026-01-14 12:16:30.203","userId":54}
{"cacheHit":false,"level":"info","message":"从数据库获取用户信息成功","moduleName":"UserService","pid":18144,"timestamp":"2026-01-14 12:16:30.205","userId":53}
{"cacheHit":false,"level":"info","message":"从数据库获取用户信息成功","moduleName":"UserService","pid":18144,"timestamp":"2026-01-14 12:16:30.210","userId":55}
{"cacheHit":false,"level":"info","message":"从数据库获取用户信息成功","moduleName":"UserService","pid":18144,"timestamp":"2026-01-14 12:16:30.324","userId":11}
{"cacheHit":false,"level":"info","message":"从数据库获取用户信息成功","moduleName":"UserService","pid":18144,"timestamp":"2026-01-14 12:16:30.327","userId":13}
{"level":"info","message":"开始执行缓存预热任务","moduleName":"CacheWarmup","operation":"execute_warmup","pid":18144,"status":"started","taskCount":0,"timestamp":"2026-01-14 12:16:30.342"}
{"duration":"0ms","level":"info","message":"缓存预热完成","moduleName":"CacheWarmup","operation":"execute_warmup","pid":18144,"status":"success","taskCount":0,"timestamp":"2026-01-14 12:16:30.342"}
{"interval":"3600秒","level":"info","message":"启动热点数据更新任务","moduleName":"CacheWarmup","operation":"start_hot_data_update","pid":18144,"status":"started","timestamp":"2026-01-14 12:16:30.343"}
{"level":"info","message":"开始检测热点数据","moduleName":"HotDataDetector","operation":"detect_hot_data","pid":18144,"status":"started","timestamp":"2026-01-14 12:16:30.344","topN":1000}
{"level":"info","message":"开始更新热点数据","moduleName":"CacheWarmup","operation":"update_hot_data","pid":18144,"status":"started","timestamp":"2026-01-14 12:16:30.344"}
{"duration":"4ms","hotDataCount":0,"level":"info","message":"热点数据检测完成","moduleName":"HotDataDetector","operation":"detect_hot_data","pid":18144,"status":"success","timestamp":"2026-01-14 12:16:30.348","topN":1000}
{"duration":"6ms","hotDataCount":0,"level":"info","message":"热点数据更新完成","moduleName":"CacheWarmup","operation":"update_hot_data","pid":18144,"status":"success","timestamp":"2026-01-14 12:16:30.349"}
{"count":35,"level":"info","message":"获取所有用户成功","moduleName":"UserService","pid":20188,"timestamp":"2026-01-14 12:19:58.686"}
{"cacheHit":true,"level":"info","message":"从缓存获取用户信息成功","moduleName":"UserService","pid":20188,"timestamp":"2026-01-14 12:19:58.697","userId":4}
{"cacheHit":true,"level":"info","message":"从缓存获取用户信息成功","moduleName":"UserService","pid":20188,"timestamp":"2026-01-14 12:19:58.697","userId":5}
{"cacheHit":true,"level":"info","message":"从缓存获取用户信息成功","moduleName":"UserService","pid":20188,"timestamp":"2026-01-14 12:19:58.698","userId":6}
{"cacheHit":true,"level":"info","message":"从缓存获取用户信息成功","moduleName":"UserService","pid":20188,"timestamp":"2026-01-14 12:19:58.698","userId":7}
{"cacheHit":true,"level":"info","message":"从缓存获取用户信息成功","moduleName":"UserService","pid":20188,"timestamp":"2026-01-14 12:19:58.698","userId":8}
{"cacheHit":true,"level":"info","message":"从缓存获取用户信息成功","moduleName":"UserService","pid":20188,"timestamp":"2026-01-14 12:19:58.698","userId":9}
{"cacheHit":true,"level":"info","message":"从缓存获取用户信息成功","moduleName":"UserService","pid":20188,"timestamp":"2026-01-14 12:19:58.698","userId":10}
{"cacheHit":true,"level":"info","message":"从缓存获取用户信息成功","moduleName":"UserService","pid":20188,"timestamp":"2026-01-14 12:19:58.698","userId":11}
{"cacheHit":true,"level":"info","message":"从缓存获取用户信息成功","moduleName":"UserService","pid":20188,"timestamp":"2026-01-14 12:19:58.698","userId":12}
{"cacheHit":true,"level":"info","message":"从缓存获取用户信息成功","moduleName":"UserService","pid":20188,"timestamp":"2026-01-14 12:19:58.698","userId":13}
{"cacheHit":true,"level":"info","message":"从缓存获取用户信息成功","moduleName":"UserService","pid":20188,"timestamp":"2026-01-14 12:19:58.699","userId":14}
{"cacheHit":true,"level":"info","message":"从缓存获取用户信息成功","moduleName":"UserService","pid":20188,"timestamp":"2026-01-14 12:19:58.699","userId":19}
{"cacheHit":true,"level":"info","message":"从缓存获取用户信息成功","moduleName":"UserService","pid":20188,"timestamp":"2026-01-14 12:19:58.699","userId":20}
{"cacheHit":true,"level":"info","message":"从缓存获取用户信息成功","moduleName":"UserService","pid":20188,"timestamp":"2026-01-14 12:19:58.699","userId":35}
{"cacheHit":true,"level":"info","message":"从缓存获取用户信息成功","moduleName":"UserService","pid":20188,"timestamp":"2026-01-14 12:19:58.699","userId":36}
{"cacheHit":true,"level":"info","message":"从缓存获取用户信息成功","moduleName":"UserService","pid":20188,"timestamp":"2026-01-14 12:19:58.699","userId":37}
{"cacheHit":true,"level":"info","message":"从缓存获取用户信息成功","moduleName":"UserService","pid":20188,"timestamp":"2026-01-14 12:19:58.699","userId":38}
{"cacheHit":true,"level":"info","message":"从缓存获取用户信息成功","moduleName":"UserService","pid":20188,"timestamp":"2026-01-14 12:19:58.699","userId":39}
{"cacheHit":true,"level":"info","message":"从缓存获取用户信息成功","moduleName":"UserService","pid":20188,"timestamp":"2026-01-14 12:19:58.700","userId":40}
{"cacheHit":true,"level":"info","message":"从缓存获取用户信息成功","moduleName":"UserService","pid":20188,"timestamp":"2026-01-14 12:19:58.700","userId":41}
{"cacheHit":true,"level":"info","message":"从缓存获取用户信息成功","moduleName":"UserService","pid":20188,"timestamp":"2026-01-14 12:19:58.700","userId":42}
{"cacheHit":true,"level":"info","message":"从缓存获取用户信息成功","moduleName":"UserService","pid":20188,"timestamp":"2026-01-14 12:19:58.700","userId":43}
{"cacheHit":true,"level":"info","message":"从缓存获取用户信息成功","moduleName":"UserService","pid":20188,"timestamp":"2026-01-14 12:19:58.700","userId":44}
{"cacheHit":true,"level":"info","message":"从缓存获取用户信息成功","moduleName":"UserService","pid":20188,"timestamp":"2026-01-14 12:19:58.700","userId":45}
{"cacheHit":true,"level":"info","message":"从缓存获取用户信息成功","moduleName":"UserService","pid":20188,"timestamp":"2026-01-14 12:19:58.700","userId":46}
{"cacheHit":true,"level":"info","message":"从缓存获取用户信息成功","moduleName":"UserService","pid":20188,"timestamp":"2026-01-14 12:19:58.700","userId":47}
{"cacheHit":true,"level":"info","message":"从缓存获取用户信息成功","moduleName":"UserService","pid":20188,"timestamp":"2026-01-14 12:19:58.701","userId":48}
{"cacheHit":true,"level":"info","message":"从缓存获取用户信息成功","moduleName":"UserService","pid":20188,"timestamp":"2026-01-14 12:19:58.701","userId":49}
{"cacheHit":true,"level":"info","message":"从缓存获取用户信息成功","moduleName":"UserService","pid":20188,"timestamp":"2026-01-14 12:19:58.701","userId":50}
{"cacheHit":true,"level":"info","message":"从缓存获取用户信息成功","moduleName":"UserService","pid":20188,"timestamp":"2026-01-14 12:19:58.701","userId":51}
{"cacheHit":true,"level":"info","message":"从缓存获取用户信息成功","moduleName":"UserService","pid":20188,"timestamp":"2026-01-14 12:19:58.701","userId":52}
{"cacheHit":true,"level":"info","message":"从缓存获取用户信息成功","moduleName":"UserService","pid":20188,"timestamp":"2026-01-14 12:19:58.701","userId":53}
{"cacheHit":true,"level":"info","message":"从缓存获取用户信息成功","moduleName":"UserService","pid":20188,"timestamp":"2026-01-14 12:19:58.701","userId":54}
{"cacheHit":true,"level":"info","message":"从缓存获取用户信息成功","moduleName":"UserService","pid":20188,"timestamp":"2026-01-14 12:19:58.701","userId":55}
{"level":"info","message":"开始执行缓存预热任务","moduleName":"CacheWarmup","operation":"execute_warmup","pid":20188,"status":"started","taskCount":0,"timestamp":"2026-01-14 12:19:58.767"}
{"duration":"0ms","level":"info","message":"缓存预热完成","moduleName":"CacheWarmup","operation":"execute_warmup","pid":20188,"status":"success","taskCount":0,"timestamp":"2026-01-14 12:19:58.767"}
{"interval":"3600秒","level":"info","message":"启动热点数据更新任务","moduleName":"CacheWarmup","operation":"start_hot_data_update","pid":20188,"status":"started","timestamp":"2026-01-14 12:19:58.768"}
{"level":"info","message":"开始更新热点数据","moduleName":"CacheWarmup","operation":"update_hot_data","pid":20188,"status":"started","timestamp":"2026-01-14 12:19:58.769"}
{"level":"info","message":"开始检测热点数据","moduleName":"HotDataDetector","operation":"detect_hot_data","pid":20188,"status":"started","timestamp":"2026-01-14 12:19:58.770","topN":1000}
{"duration":"3ms","hotDataCount":0,"level":"info","message":"热点数据检测完成","moduleName":"HotDataDetector","operation":"detect_hot_data","pid":20188,"status":"success","timestamp":"2026-01-14 12:19:58.774","topN":1000}
{"duration":"5ms","hotDataCount":0,"level":"info","message":"热点数据更新完成","moduleName":"CacheWarmup","operation":"update_hot_data","pid":20188,"status":"success","timestamp":"2026-01-14 12:19:58.774"}
{"level":"info","message":"Redis性能报告","moduleName":"RedisCommand","operation":"performance","pid":20188,"report":{"CLIENT":{"avgDuration":24,"count":2,"failureCount":2,"maxDuration":31,"minDuration":16,"successCount":0},"DEL":{"avgDuration":1,"count":2,"failureCount":0,"maxDuration":1,"minDuration":0,"successCount":2},"GET":{"avgDuration":4,"count":35,"failureCount":0,"maxDuration":7,"minDuration":2,"successCount":35},"INFO":{"avgDuration":3,"count":1,"failureCount":0,"maxDuration":3,"minDuration":3,"successCount":1},"ZREVRANGE":{"avgDuration":2,"count":1,"failureCount":0,"maxDuration":2,"minDuration":2,"successCount":1}},"status":"report","timestamp":"2026-01-14 12:24:55.468"}
{"level":"info","message":"Redis性能报告","moduleName":"RedisCommand","operation":"performance","pid":20188,"report":{"CLIENT":{"avgDuration":24,"count":2,"failureCount":2,"maxDuration":31,"minDuration":16,"successCount":0},"DEL":{"avgDuration":1,"count":2,"failureCount":0,"maxDuration":1,"minDuration":0,"successCount":2},"GET":{"avgDuration":4,"count":35,"failureCount":0,"maxDuration":7,"minDuration":2,"successCount":35},"INFO":{"avgDuration":3,"count":1,"failureCount":0,"maxDuration":3,"minDuration":3,"successCount":1},"ZREVRANGE":{"avgDuration":2,"count":1,"failureCount":0,"maxDuration":2,"minDuration":2,"successCount":1}},"status":"report","timestamp":"2026-01-14 12:29:55.481"}
{"level":"info","message":"Redis性能报告","moduleName":"RedisCommand","operation":"performance","pid":20188,"report":{"CLIENT":{"avgDuration":24,"count":2,"failureCount":2,"maxDuration":31,"minDuration":16,"successCount":0},"DEL":{"avgDuration":1,"count":2,"failureCount":0,"maxDuration":1,"minDuration":0,"successCount":2},"GET":{"avgDuration":4,"count":35,"failureCount":0,"maxDuration":7,"minDuration":2,"successCount":35},"INFO":{"avgDuration":3,"count":1,"failureCount":0,"maxDuration":3,"minDuration":3,"successCount":1},"ZREVRANGE":{"avgDuration":2,"count":1,"failureCount":0,"maxDuration":2,"minDuration":2,"successCount":1}},"status":"report","timestamp":"2026-01-14 12:34:55.494"}
{"level":"info","message":"Redis性能报告","moduleName":"RedisCommand","operation":"performance","pid":20188,"report":{"CLIENT":{"avgDuration":24,"count":2,"failureCount":2,"maxDuration":31,"minDuration":16,"successCount":0},"DEL":{"avgDuration":1,"count":2,"failureCount":0,"maxDuration":1,"minDuration":0,"successCount":2},"GET":{"avgDuration":4,"count":35,"failureCount":0,"maxDuration":7,"minDuration":2,"successCount":35},"INFO":{"avgDuration":3,"count":1,"failureCount":0,"maxDuration":3,"minDuration":3,"successCount":1},"ZREVRANGE":{"avgDuration":2,"count":1,"failureCount":0,"maxDuration":2,"minDuration":2,"successCount":1}},"status":"report","timestamp":"2026-01-14 12:39:55.496"}
{"level":"info","message":"Redis性能报告","moduleName":"RedisCommand","operation":"performance","pid":20188,"report":{"CLIENT":{"avgDuration":24,"count":2,"failureCount":2,"maxDuration":31,"minDuration":16,"successCount":0},"DEL":{"avgDuration":1,"count":2,"failureCount":0,"maxDuration":1,"minDuration":0,"successCount":2},"GET":{"avgDuration":4,"count":35,"failureCount":0,"maxDuration":7,"minDuration":2,"successCount":35},"INFO":{"avgDuration":3,"count":1,"failureCount":0,"maxDuration":3,"minDuration":3,"successCount":1},"ZREVRANGE":{"avgDuration":2,"count":1,"failureCount":0,"maxDuration":2,"minDuration":2,"successCount":1}},"status":"report","timestamp":"2026-01-14 12:44:55.504"}
{"level":"info","message":"Redis性能报告","moduleName":"RedisCommand","operation":"performance","pid":20188,"report":{"CLIENT":{"avgDuration":24,"count":2,"failureCount":2,"maxDuration":31,"minDuration":16,"successCount":0},"DEL":{"avgDuration":1,"count":2,"failureCount":0,"maxDuration":1,"minDuration":0,"successCount":2},"GET":{"avgDuration":4,"count":35,"failureCount":0,"maxDuration":7,"minDuration":2,"successCount":35},"INFO":{"avgDuration":3,"count":1,"failureCount":0,"maxDuration":3,"minDuration":3,"successCount":1},"ZREVRANGE":{"avgDuration":2,"count":1,"failureCount":0,"maxDuration":2,"minDuration":2,"successCount":1}},"status":"report","timestamp":"2026-01-14 12:49:55.514"}
{"level":"info","message":"Redis性能报告","moduleName":"RedisCommand","operation":"performance","pid":20188,"report":{"CLIENT":{"avgDuration":24,"count":2,"failureCount":2,"maxDuration":31,"minDuration":16,"successCount":0},"DEL":{"avgDuration":1,"count":2,"failureCount":0,"maxDuration":1,"minDuration":0,"successCount":2},"GET":{"avgDuration":4,"count":35,"failureCount":0,"maxDuration":7,"minDuration":2,"successCount":35},"INFO":{"avgDuration":3,"count":1,"failureCount":0,"maxDuration":3,"minDuration":3,"successCount":1},"ZREVRANGE":{"avgDuration":2,"count":1,"failureCount":0,"maxDuration":2,"minDuration":2,"successCount":1}},"status":"report","timestamp":"2026-01-14 12:54:55.530"}
{"level":"info","message":"Redis性能报告","moduleName":"RedisCommand","operation":"performance","pid":20188,"report":{"CLIENT":{"avgDuration":24,"count":2,"failureCount":2,"maxDuration":31,"minDuration":16,"successCount":0},"DEL":{"avgDuration":1,"count":2,"failureCount":0,"maxDuration":1,"minDuration":0,"successCount":2},"GET":{"avgDuration":4,"count":35,"failureCount":0,"maxDuration":7,"minDuration":2,"successCount":35},"INFO":{"avgDuration":3,"count":1,"failureCount":0,"maxDuration":3,"minDuration":3,"successCount":1},"ZREVRANGE":{"avgDuration":2,"count":1,"failureCount":0,"maxDuration":2,"minDuration":2,"successCount":1}},"status":"report","timestamp":"2026-01-14 12:59:55.534"}
{"level":"info","message":"Redis性能报告","moduleName":"RedisCommand","operation":"performance","pid":20188,"report":{"CLIENT":{"avgDuration":24,"count":2,"failureCount":2,"maxDuration":31,"minDuration":16,"successCount":0},"DEL":{"avgDuration":1,"count":2,"failureCount":0,"maxDuration":1,"minDuration":0,"successCount":2},"GET":{"avgDuration":4,"count":35,"failureCount":0,"maxDuration":7,"minDuration":2,"successCount":35},"INFO":{"avgDuration":3,"count":1,"failureCount":0,"maxDuration":3,"minDuration":3,"successCount":1},"ZREVRANGE":{"avgDuration":2,"count":1,"failureCount":0,"maxDuration":2,"minDuration":2,"successCount":1}},"status":"report","timestamp":"2026-01-14 13:04:55.547"}
{"level":"info","message":"Redis性能报告","moduleName":"RedisCommand","operation":"performance","pid":20188,"report":{"CLIENT":{"avgDuration":24,"count":2,"failureCount":2,"maxDuration":31,"minDuration":16,"successCount":0},"DEL":{"avgDuration":1,"count":2,"failureCount":0,"maxDuration":1,"minDuration":0,"successCount":2},"GET":{"avgDuration":4,"count":35,"failureCount":0,"maxDuration":7,"minDuration":2,"successCount":35},"INFO":{"avgDuration":3,"count":1,"failureCount":0,"maxDuration":3,"minDuration":3,"successCount":1},"ZREVRANGE":{"avgDuration":2,"count":1,"failureCount":0,"maxDuration":2,"minDuration":2,"successCount":1}},"status":"report","timestamp":"2026-01-14 13:09:55.564"}
{"level":"info","message":"Redis性能报告","moduleName":"RedisCommand","operation":"performance","pid":20188,"report":{"CLIENT":{"avgDuration":24,"count":2,"failureCount":2,"maxDuration":31,"minDuration":16,"successCount":0},"DEL":{"avgDuration":1,"count":2,"failureCount":0,"maxDuration":1,"minDuration":0,"successCount":2},"GET":{"avgDuration":4,"count":35,"failureCount":0,"maxDuration":7,"minDuration":2,"successCount":35},"INFO":{"avgDuration":3,"count":1,"failureCount":0,"maxDuration":3,"minDuration":3,"successCount":1},"ZREVRANGE":{"avgDuration":2,"count":1,"failureCount":0,"maxDuration":2,"minDuration":2,"successCount":1}},"status":"report","timestamp":"2026-01-14 13:14:55.567"}
{"level":"info","message":"Redis性能报告","moduleName":"RedisCommand","operation":"performance","pid":20188,"report":{"CLIENT":{"avgDuration":24,"count":2,"failureCount":2,"maxDuration":31,"minDuration":16,"successCount":0},"DEL":{"avgDuration":1,"count":2,"failureCount":0,"maxDuration":1,"minDuration":0,"successCount":2},"GET":{"avgDuration":4,"count":35,"failureCount":0,"maxDuration":7,"minDuration":2,"successCount":35},"INFO":{"avgDuration":3,"count":1,"failureCount":0,"maxDuration":3,"minDuration":3,"successCount":1},"ZREVRANGE":{"avgDuration":2,"count":1,"failureCount":0,"maxDuration":2,"minDuration":2,"successCount":1}},"status":"report","timestamp":"2026-01-14 13:19:55.573"}
{"level":"info","message":"开始更新热点数据","moduleName":"CacheWarmup","operation":"update_hot_data","pid":20188,"status":"started","timestamp":"2026-01-14 13:19:58.801"}
{"level":"info","message":"开始检测热点数据","moduleName":"HotDataDetector","operation":"detect_hot_data","pid":20188,"status":"started","timestamp":"2026-01-14 13:19:58.805","topN":1000}
{"duration":"39ms","hotDataCount":0,"level":"info","message":"热点数据检测完成","moduleName":"HotDataDetector","operation":"detect_hot_data","pid":20188,"status":"success","timestamp":"2026-01-14 13:19:58.843","topN":1000}
{"duration":"46ms","hotDataCount":0,"level":"info","message":"热点数据更新完成","moduleName":"CacheWarmup","operation":"update_hot_data","pid":20188,"status":"success","timestamp":"2026-01-14 13:19:58.844"}
{"level":"info","message":"Redis性能报告","moduleName":"RedisCommand","operation":"performance","pid":20188,"report":{"CLIENT":{"avgDuration":24,"count":2,"failureCount":2,"maxDuration":31,"minDuration":16,"successCount":0},"DEL":{"avgDuration":1,"count":4,"failureCount":0,"maxDuration":1,"minDuration":0,"successCount":4},"GET":{"avgDuration":4,"count":35,"failureCount":0,"maxDuration":7,"minDuration":2,"successCount":35},"INFO":{"avgDuration":3,"count":1,"failureCount":0,"maxDuration":3,"minDuration":3,"successCount":1},"ZREVRANGE":{"avgDuration":16,"count":2,"failureCount":0,"maxDuration":29,"minDuration":2,"successCount":2}},"status":"report","timestamp":"2026-01-14 13:24:55.579"}
{"level":"info","message":"Redis性能报告","moduleName":"RedisCommand","operation":"performance","pid":20188,"report":{"CLIENT":{"avgDuration":24,"count":2,"failureCount":2,"maxDuration":31,"minDuration":16,"successCount":0},"DEL":{"avgDuration":1,"count":4,"failureCount":0,"maxDuration":1,"minDuration":0,"successCount":4},"GET":{"avgDuration":4,"count":35,"failureCount":0,"maxDuration":7,"minDuration":2,"successCount":35},"INFO":{"avgDuration":3,"count":1,"failureCount":0,"maxDuration":3,"minDuration":3,"successCount":1},"ZREVRANGE":{"avgDuration":16,"count":2,"failureCount":0,"maxDuration":29,"minDuration":2,"successCount":2}},"status":"report","timestamp":"2026-01-14 13:29:55.593"}
{"level":"info","message":"Redis性能报告","moduleName":"RedisCommand","operation":"performance","pid":20188,"report":{"CLIENT":{"avgDuration":24,"count":2,"failureCount":2,"maxDuration":31,"minDuration":16,"successCount":0},"DEL":{"avgDuration":1,"count":4,"failureCount":0,"maxDuration":1,"minDuration":0,"successCount":4},"GET":{"avgDuration":4,"count":35,"failureCount":0,"maxDuration":7,"minDuration":2,"successCount":35},"INFO":{"avgDuration":3,"count":1,"failureCount":0,"maxDuration":3,"minDuration":3,"successCount":1},"ZREVRANGE":{"avgDuration":16,"count":2,"failureCount":0,"maxDuration":29,"minDuration":2,"successCount":2}},"status":"report","timestamp":"2026-01-14 13:34:55.604"}
{"level":"info","message":"Redis性能报告","moduleName":"RedisCommand","operation":"performance","pid":20188,"report":{"CLIENT":{"avgDuration":24,"count":2,"failureCount":2,"maxDuration":31,"minDuration":16,"successCount":0},"DEL":{"avgDuration":1,"count":4,"failureCount":0,"maxDuration":1,"minDuration":0,"successCount":4},"GET":{"avgDuration":4,"count":35,"failureCount":0,"maxDuration":7,"minDuration":2,"successCount":35},"INFO":{"avgDuration":3,"count":1,"failureCount":0,"maxDuration":3,"minDuration":3,"successCount":1},"ZREVRANGE":{"avgDuration":16,"count":2,"failureCount":0,"maxDuration":29,"minDuration":2,"successCount":2}},"status":"report","timestamp":"2026-01-14 13:39:55.601"}
{"level":"info","message":"Redis性能报告","moduleName":"RedisCommand","operation":"performance","pid":20188,"report":{"CLIENT":{"avgDuration":24,"count":2,"failureCount":2,"maxDuration":31,"minDuration":16,"successCount":0},"DEL":{"avgDuration":1,"count":4,"failureCount":0,"maxDuration":1,"minDuration":0,"successCount":4},"GET":{"avgDuration":4,"count":35,"failureCount":0,"maxDuration":7,"minDuration":2,"successCount":35},"INFO":{"avgDuration":3,"count":1,"failureCount":0,"maxDuration":3,"minDuration":3,"successCount":1},"ZREVRANGE":{"avgDuration":16,"count":2,"failureCount":0,"maxDuration":29,"minDuration":2,"successCount":2}},"status":"report","timestamp":"2026-01-14 13:44:55.605"}
{"level":"info","message":"Redis性能报告","moduleName":"RedisCommand","operation":"performance","pid":20188,"report":{"CLIENT":{"avgDuration":24,"count":2,"failureCount":2,"maxDuration":31,"minDuration":16,"successCount":0},"DEL":{"avgDuration":1,"count":4,"failureCount":0,"maxDuration":1,"minDuration":0,"successCount":4},"GET":{"avgDuration":4,"count":35,"failureCount":0,"maxDuration":7,"minDuration":2,"successCount":35},"INFO":{"avgDuration":3,"count":1,"failureCount":0,"maxDuration":3,"minDuration":3,"successCount":1},"ZREVRANGE":{"avgDuration":16,"count":2,"failureCount":0,"maxDuration":29,"minDuration":2,"successCount":2}},"status":"report","timestamp":"2026-01-14 13:49:55.606"}
{"level":"info","message":"Redis性能报告","moduleName":"RedisCommand","operation":"performance","pid":20188,"report":{"CLIENT":{"avgDuration":24,"count":2,"failureCount":2,"maxDuration":31,"minDuration":16,"successCount":0},"DEL":{"avgDuration":1,"count":4,"failureCount":0,"maxDuration":1,"minDuration":0,"successCount":4},"GET":{"avgDuration":4,"count":35,"failureCount":0,"maxDuration":7,"minDuration":2,"successCount":35},"INFO":{"avgDuration":3,"count":1,"failureCount":0,"maxDuration":3,"minDuration":3,"successCount":1},"ZREVRANGE":{"avgDuration":16,"count":2,"failureCount":0,"maxDuration":29,"minDuration":2,"successCount":2}},"status":"report","timestamp":"2026-01-14 13:54:55.633"}
